// Jest Snapshot v1, https://goo.gl/fbAQLP

exports[`Gif renders properly 1`] = `
ShallowWrapper {
  "length": 1,
  Symbol(enzyme.__root__): [Circular],
  Symbol(enzyme.__unrendered__): <Unknown />,
  Symbol(enzyme.__renderer__): Object {
    "batchedUpdates": [Function],
    "getNode": [Function],
    "render": [Function],
    "simulateEvent": [Function],
    "unmount": [Function],
  },
  Symbol(enzyme.__node__): Object {
    "instance": null,
    "key": undefined,
    "nodeType": "class",
    "props": Object {
      "bgColor": [Function],
      "children": Array [
        <img
          alt={undefined}
          className="img"
          src={undefined}
          title={undefined}
/>,
        <LikeStatus
          liked={false}
/>,
      ],
      "onClick": undefined,
      "src": undefined,
    },
    "ref": null,
    "rendered": Array [
      Object {
        "instance": null,
        "key": undefined,
        "nodeType": "host",
        "props": Object {
          "alt": undefined,
          "className": "img",
          "src": undefined,
          "title": undefined,
        },
        "ref": null,
        "rendered": null,
        "type": "img",
      },
      Object {
        "instance": null,
        "key": undefined,
        "nodeType": "function",
        "props": Object {
          "liked": false,
        },
        "ref": null,
        "rendered": null,
        "type": [Function],
      },
    ],
    "type": [Function],
  },
  Symbol(enzyme.__nodes__): Array [
    Object {
      "instance": null,
      "key": undefined,
      "nodeType": "class",
      "props": Object {
        "bgColor": [Function],
        "children": Array [
          <img
            alt={undefined}
            className="img"
            src={undefined}
            title={undefined}
/>,
          <LikeStatus
            liked={false}
/>,
        ],
        "onClick": undefined,
        "src": undefined,
      },
      "ref": null,
      "rendered": Array [
        Object {
          "instance": null,
          "key": undefined,
          "nodeType": "host",
          "props": Object {
            "alt": undefined,
            "className": "img",
            "src": undefined,
            "title": undefined,
          },
          "ref": null,
          "rendered": null,
          "type": "img",
        },
        Object {
          "instance": null,
          "key": undefined,
          "nodeType": "function",
          "props": Object {
            "liked": false,
          },
          "ref": null,
          "rendered": null,
          "type": [Function],
        },
      ],
      "type": [Function],
    },
  ],
  Symbol(enzyme.__options__): Object {
    "adapter": ReactSixteenAdapter {
      "options": Object {
        "enableComponentDidUpdateOnSetState": true,
      },
    },
  },
}
`;
