// Jest Snapshot v1, https://goo.gl/fbAQLP

exports[`GifList renders properly 1`] = `undefined`;
